ggml_metal_device_init: tensor API disabled for pre-M5 and pre-A19 devices
ggml_metal_library_init: using embedded metal library
ggml_metal_library_init: loaded in 0.008 sec
ggml_metal_rsets_init: creating a residency set collection (keep_alive = 180 s)
ggml_metal_device_init: GPU name:   MTL0 (Apple M4)
ggml_metal_device_init: GPU family: MTLGPUFamilyApple9  (1009)
ggml_metal_device_init: GPU family: MTLGPUFamilyCommon3 (3003)
ggml_metal_device_init: GPU family: MTLGPUFamilyMetal4  (5002)
ggml_metal_device_init: simdgroup reduction   = true
ggml_metal_device_init: simdgroup matrix mul. = true
ggml_metal_device_init: has unified memory    = true
ggml_metal_device_init: has bfloat            = true
ggml_metal_device_init: has tensor            = false
ggml_metal_device_init: use residency sets    = true
ggml_metal_device_init: use shared buffers    = true
ggml_metal_device_init: recommendedMaxWorkingSetSize  = 19069.67 MB
ggml_metal_init: allocating
ggml_metal_init: found device: Apple M4
ggml_metal_init: picking default device: Apple M4
ggml_metal_init: use fusion         = true
ggml_metal_init: use concurrency    = true
ggml_metal_init: use graph optimize = true
ggml_metal_library_compile_pipeline: compiling pipeline: base = 'kernel_mul_mv_f32_f32_short', name = 'kernel_mul_mv_f32_f32_short_nsg=1_ne12=1_r2=1_r3=1'
ggml_metal_library_compile_pipeline: loaded kernel_mul_mv_f32_f32_short_nsg=1_ne12=1_r2=1_r3=1      0x1013d1e00 | th_max = 1024 | th_width =   32
ggml_metal_library_compile_pipeline: compiling pipeline: base = 'kernel_fcpe_mul_mm_f32_f32', name = 'kernel_fcpe_mul_mm_f32_f32_bci=0_bco=0_ne12=1_ne13=1_r2=1_r3=1'
ggml_metal_library_compile_pipeline: loaded kernel_fcpe_mul_mm_f32_f32_bci=0_bco=0_ne12=1_ne13=1_r2=1_r3=1     0x784b308000 | th_max = 1024 | th_width =   32
ggml_metal_library_compile_pipeline: compiling pipeline: base = 'kernel_fcpe_mul_mm_f32_f32', name = 'kernel_fcpe_mul_mm_f32_f32_bci=1_bco=1_ne12=1_ne13=1_r2=1_r3=1'
ggml_metal_library_compile_pipeline: loaded kernel_fcpe_mul_mm_f32_f32_bci=1_bco=1_ne12=1_ne13=1_r2=1_r3=1     0x784b308a80 | th_max = 1024 | th_width =   32
ggml_metal_library_compile_pipeline: compiling pipeline: base = 'kernel_fcpe_mul_mm_f32_f32', name = 'kernel_fcpe_mul_mm_f32_f32_bci=0_bco=1_ne12=1_ne13=1_r2=1_r3=1'
ggml_metal_library_compile_pipeline: loaded kernel_fcpe_mul_mm_f32_f32_bci=0_bco=1_ne12=1_ne13=1_r2=1_r3=1     0x784b308700 | th_max = 1024 | th_width =   32
ggml_metal_library_compile_pipeline: compiling pipeline: base = 'kernel_mul_mv_f32_f32_short', name = 'kernel_mul_mv_f32_f32_short_nsg=1_ne12=3_r2=1_r3=1'
ggml_metal_library_compile_pipeline: loaded kernel_mul_mv_f32_f32_short_nsg=1_ne12=3_r2=1_r3=1     0x784b308e00 | th_max = 1024 | th_width =   32
ggml_metal_library_compile_pipeline: compiling pipeline: base = 'kernel_cpy_f32_f32', name = 'kernel_cpy_f32_f32'
ggml_metal_library_compile_pipeline: loaded kernel_cpy_f32_f32                           0x784b309180 | th_max = 1024 | th_width =   32
ggml_metal_library_compile_pipeline: compiling pipeline: base = 'kernel_mul_mv_f32_f32_4', name = 'kernel_mul_mv_f32_f32_4_nsg=1_ne12=1_r2=1_r3=1'
ggml_metal_library_compile_pipeline: loaded kernel_mul_mv_f32_f32_4_nsg=1_ne12=1_r2=1_r3=1     0x784b308380 | th_max = 1024 | th_width =   32
ggml_metal_library_compile_pipeline: compiling pipeline: base = 'kernel_mul_mv_ext_f32_f32_r1_2', name = 'kernel_mul_mv_ext_f32_f32_r1_2_nsg=2_nxpsg=8_ne12=1_r2=1_r3=1'
ggml_metal_library_compile_pipeline: loaded kernel_mul_mv_ext_f32_f32_r1_2_nsg=2_nxpsg=8_ne12=1_r2=1_r3=1     0x784b309500 | th_max = 1024 | th_width =   32
ggml_metal_library_compile_pipeline: compiling pipeline: base = 'kernel_mul_mv_ext_f32_f32_r1_4', name = 'kernel_mul_mv_ext_f32_f32_r1_4_nsg=2_nxpsg=8_ne12=1_r2=1_r3=1'
ggml_metal_library_compile_pipeline: loaded kernel_mul_mv_ext_f32_f32_r1_4_nsg=2_nxpsg=8_ne12=1_r2=1_r3=1     0x784b309880 | th_max = 1024 | th_width =   32
ggml_metal_library_compile_pipeline: compiling pipeline: base = 'kernel_fcpe_mul_mm_f32_f32', name = 'kernel_fcpe_mul_mm_f32_f32_bci=1_bco=1_ne12=3_ne13=1_r2=1_r3=1'
ggml_metal_library_compile_pipeline: loaded kernel_fcpe_mul_mm_f32_f32_bci=1_bco=1_ne12=3_ne13=1_r2=1_r3=1     0x784b309f80 | th_max = 1024 | th_width =   32
ggml_metal_free: deallocating
PASS: 19 matmul shapes, MTL0, max error vs double oracle=1.69602e-05
