ggml_metal_device_init: tensor API disabled for pre-M5 and pre-A19 devices
ggml_metal_library_init: using embedded metal library
ggml_metal_library_init: loaded in 0.029 sec
ggml_metal_rsets_init: creating a residency set collection (keep_alive = 180 s)
ggml_metal_device_init: GPU name:   MTL0 (Apple M4)
ggml_metal_device_init: GPU family: MTLGPUFamilyApple9  (1009)
ggml_metal_device_init: GPU family: MTLGPUFamilyCommon3 (3003)
ggml_metal_device_init: GPU family: MTLGPUFamilyMetal4  (5002)
ggml_metal_device_init: simdgroup reduction   = true
ggml_metal_device_init: simdgroup matrix mul. = true
ggml_metal_device_init: has unified memory    = true
ggml_metal_device_init: has bfloat            = true
ggml_metal_device_init: has tensor            = false
ggml_metal_device_init: use residency sets    = true
ggml_metal_device_init: use shared buffers    = true
ggml_metal_device_init: recommendedMaxWorkingSetSize  = 19069.67 MB
ggml_metal_init: allocating
ggml_metal_init: found device: Apple M4
ggml_metal_init: picking default device: Apple M4
ggml_metal_init: use fusion         = true
ggml_metal_init: use concurrency    = true
ggml_metal_init: use graph optimize = true
FCPE_METAL_PROFILE_BEGIN nodes=150
ggml_metal_library_compile_pipeline: compiling pipeline: base = 'fcpe_transpose_f32', name = 'fcpe_transpose_f32'
ggml_metal_library_compile_pipeline: loaded fcpe_transpose_f32                            0x102e49630 | th_max = 1024 | th_width =   32
FCPE_METAL_PROFILE index=3 op=CONT shape=1101,128,1,1 gpu_ms=0.041750 name=mel_input (transposed) (cont)
ggml_metal_library_compile_pipeline: compiling pipeline: base = 'fcpe_im2col3', name = 'fcpe_im2col3'
ggml_metal_library_compile_pipeline: loaded fcpe_im2col3                                  0x102e4a4b0 | th_max = 1024 | th_width =   32
FCPE_METAL_PROFILE index=4 op=IM2COL shape=384,1101,1,1 gpu_ms=0.073333 name=node_4
ggml_metal_library_compile_pipeline: compiling pipeline: base = 'kernel_fcpe_mul_mm_f32_f32', name = 'kernel_fcpe_mul_mm_f32_f32_bci=0_bco=1_ne12=1_ne13=1_r2=1_r3=1'
ggml_metal_library_compile_pipeline: loaded kernel_fcpe_mul_mm_f32_f32_bci=0_bco=1_ne12=1_ne13=1_r2=1_r3=1      0x102e4b230 | th_max = 1024 | th_width =   32
FCPE_METAL_PROFILE index=6 op=MUL_MAT shape=512,1101,1,1 gpu_ms=0.492875 name=node_6
ggml_metal_library_compile_pipeline: compiling pipeline: base = 'kernel_bin_fuse_f32_f32_f32_4', name = 'kernel_bin_fuse_f32_f32_f32_4_op=0_nf=1_rb=0_cb=0'
ggml_metal_library_compile_pipeline: loaded kernel_bin_fuse_f32_f32_f32_4_op=0_nf=1_rb=0_cb=0      0x102e4caf0 | th_max = 1024 | th_width =   32
FCPE_METAL_PROFILE index=7 op=ADD shape=512,1101,1,1 gpu_ms=0.064250 name=node_7
FCPE_METAL_PROFILE index=9 op=CONT shape=1101,512,1,1 gpu_ms=0.777875 name= (transposed) (cont)
ggml_metal_library_compile_pipeline: compiling pipeline: base = 'fcpe_group_stats', name = 'fcpe_group_stats'
ggml_metal_library_compile_pipeline: loaded fcpe_group_stats                             0x74d6e2c380 | th_max = 1024 | th_width =   32
ggml_metal_library_compile_pipeline: compiling pipeline: base = 'fcpe_group_apply', name = 'fcpe_group_apply'
ggml_metal_library_compile_pipeline: loaded fcpe_group_apply                             0x74d6e2c700 | th_max = 1024 | th_width =   32
FCPE_METAL_PROFILE index=11 op=GROUP_NORM shape=1101,1,512,1 gpu_ms=0.102875 name=node_11
FCPE_METAL_PROFILE index=14 op=CONT shape=512,1101,1,1 gpu_ms=0.061542 name= (reshaped) (transposed) (cont)
ggml_metal_library_compile_pipeline: compiling pipeline: base = 'kernel_bin_fuse_f32_f32_f32_4', name = 'kernel_bin_fuse_f32_f32_f32_4_op=2_nf=1_rb=0_cb=0'
ggml_metal_library_compile_pipeline: loaded kernel_bin_fuse_f32_f32_f32_4_op=2_nf=1_rb=0_cb=0     0x74d6e2ca80 | th_max = 1024 | th_width =   32
FCPE_METAL_PROFILE index=15 op=MUL shape=512,1101,1,1 gpu_ms=0.059625 name=node_15
FCPE_METAL_PROFILE index=16 op=ADD shape=512,1101,1,1 gpu_ms=0.055375 name=node_16
ggml_metal_library_compile_pipeline: compiling pipeline: base = 'kernel_unary_f32_f32_4', name = 'kernel_unary_f32_f32_4_op=18_cnt=0'
ggml_metal_library_compile_pipeline: loaded kernel_unary_f32_f32_4_op=18_cnt=0           0x74d6e2ce00 | th_max = 1024 | th_width =   32
FCPE_METAL_PROFILE index=17 op=LEAKY_RELU shape=512,1101,1,1 gpu_ms=0.063250 name=node_17
FCPE_METAL_PROFILE index=19 op=CONT shape=1101,512,1,1 gpu_ms=0.113250 name= (transposed) (cont)
FCPE_METAL_PROFILE index=21 op=IM2COL shape=1536,1101,1,1 gpu_ms=0.239500 name=node_20
FCPE_METAL_PROFILE index=23 op=MUL_MAT shape=512,1101,1,1 gpu_ms=1.662667 name=node_22
FCPE_METAL_PROFILE index=24 op=ADD shape=512,1101,1,1 gpu_ms=0.032417 name=node_23
ggml_metal_library_compile_pipeline: compiling pipeline: base = 'kernel_norm_f32_4', name = 'kernel_norm_f32_4'
ggml_metal_library_compile_pipeline: loaded kernel_norm_f32_4                            0x74d6e2d180 | th_max = 1024 | th_width =   32
FCPE_METAL_PROFILE index=25 op=NORM shape=512,1101,1,1 gpu_ms=0.049542 name=node_25
FCPE_METAL_PROFILE index=26 op=MUL shape=512,1101,1,1 gpu_ms=0.030375 name=node_26
FCPE_METAL_PROFILE index=27 op=ADD shape=512,1101,1,1 gpu_ms=0.030375 name=node_27
FCPE_METAL_PROFILE index=28 op=MUL_MAT shape=2048,1101,1,1 gpu_ms=2.180125 name=node_28
FCPE_METAL_PROFILE index=29 op=ADD shape=2048,1101,1,1 gpu_ms=0.186625 name=node_29
ggml_metal_library_compile_pipeline: compiling pipeline: base = 'kernel_unary_f32_f32_4', name = 'kernel_unary_f32_f32_4_op=102_cnt=0'
ggml_metal_library_compile_pipeline: loaded kernel_unary_f32_f32_4_op=102_cnt=0          0x74d6e2d500 | th_max = 1024 | th_width =   32
FCPE_METAL_PROFILE index=32 op=SIGMOID shape=1024,1101,1,1 gpu_ms=0.251708 name=node_32
FCPE_METAL_PROFILE index=33 op=MUL shape=1024,1101,1,1 gpu_ms=0.165500 name=node_33
ggml_metal_library_compile_pipeline: compiling pipeline: base = 'fcpe_depthwise_channels', name = 'fcpe_depthwise_channels'
ggml_metal_library_compile_pipeline: loaded fcpe_depthwise_channels                      0x74d6e2d880 | th_max = 1024 | th_width =   32
FCPE_METAL_PROFILE index=37 op=CONV_2D_DW shape=1101,1,1024,1 gpu_ms=1.137125 name=node_36
FCPE_METAL_PROFILE index=40 op=ADD shape=1024,1101,1,1 gpu_ms=0.080042 name=node_39
ggml_metal_library_compile_pipeline: compiling pipeline: base = 'kernel_unary_f32_f32_4', name = 'kernel_unary_f32_f32_4_op=106_cnt=0'
ggml_metal_library_compile_pipeline: loaded kernel_unary_f32_f32_4_op=106_cnt=0          0x74d6e2dc00 | th_max = 1024 | th_width =   32
FCPE_METAL_PROFILE index=41 op=SILU shape=1024,1101,1,1 gpu_ms=0.137042 name=node_40
FCPE_METAL_PROFILE index=42 op=MUL_MAT shape=512,1101,1,1 gpu_ms=0.982208 name=node_41
FCPE_METAL_PROFILE index=43 op=ADD shape=512,1101,1,1 gpu_ms=0.125208 name=node_42
FCPE_METAL_PROFILE index=44 op=ADD shape=512,1101,1,1 gpu_ms=0.081750 name=node_43
FCPE_METAL_PROFILE index=45 op=NORM shape=512,1101,1,1 gpu_ms=0.075750 name=node_45
FCPE_METAL_PROFILE index=46 op=MUL shape=512,1101,1,1 gpu_ms=0.055500 name=node_46
FCPE_METAL_PROFILE index=47 op=ADD shape=512,1101,1,1 gpu_ms=0.055125 name=node_47
FCPE_METAL_PROFILE index=48 op=MUL_MAT shape=2048,1101,1,1 gpu_ms=3.474833 name=node_48
FCPE_METAL_PROFILE index=49 op=ADD shape=2048,1101,1,1 gpu_ms=0.461792 name=node_49
FCPE_METAL_PROFILE index=52 op=SIGMOID shape=1024,1101,1,1 gpu_ms=0.088583 name=node_52
FCPE_METAL_PROFILE index=53 op=MUL shape=1024,1101,1,1 gpu_ms=0.141000 name=node_53
FCPE_METAL_PROFILE index=57 op=CONV_2D_DW shape=1101,1,1024,1 gpu_ms=0.617250 name=node_56
FCPE_METAL_PROFILE index=60 op=ADD shape=1024,1101,1,1 gpu_ms=0.098625 name=node_59
FCPE_METAL_PROFILE index=61 op=SILU shape=1024,1101,1,1 gpu_ms=0.126750 name=node_60
FCPE_METAL_PROFILE index=62 op=MUL_MAT shape=512,1101,1,1 gpu_ms=1.746625 name=node_61
FCPE_METAL_PROFILE index=63 op=ADD shape=512,1101,1,1 gpu_ms=0.056292 name=node_62
FCPE_METAL_PROFILE index=64 op=ADD shape=512,1101,1,1 gpu_ms=0.085458 name=node_63
FCPE_METAL_PROFILE index=65 op=NORM shape=512,1101,1,1 gpu_ms=0.075500 name=node_65
FCPE_METAL_PROFILE index=66 op=MUL shape=512,1101,1,1 gpu_ms=1.622375 name=node_66
FCPE_METAL_PROFILE index=67 op=ADD shape=512,1101,1,1 gpu_ms=0.059625 name=node_67
FCPE_METAL_PROFILE index=68 op=MUL_MAT shape=2048,1101,1,1 gpu_ms=2.791833 name=node_68
FCPE_METAL_PROFILE index=69 op=ADD shape=2048,1101,1,1 gpu_ms=0.196167 name=node_69
FCPE_METAL_PROFILE index=72 op=SIGMOID shape=1024,1101,1,1 gpu_ms=0.110375 name=node_72
FCPE_METAL_PROFILE index=73 op=MUL shape=1024,1101,1,1 gpu_ms=0.188917 name=node_73
FCPE_METAL_PROFILE index=77 op=CONV_2D_DW shape=1101,1,1024,1 gpu_ms=1.126083 name=node_76
FCPE_METAL_PROFILE index=80 op=ADD shape=1024,1101,1,1 gpu_ms=0.098917 name=node_79
FCPE_METAL_PROFILE index=81 op=SILU shape=1024,1101,1,1 gpu_ms=0.114792 name=node_80
FCPE_METAL_PROFILE index=82 op=MUL_MAT shape=512,1101,1,1 gpu_ms=1.277000 name=node_81
FCPE_METAL_PROFILE index=83 op=ADD shape=512,1101,1,1 gpu_ms=0.058750 name=node_82
FCPE_METAL_PROFILE index=84 op=ADD shape=512,1101,1,1 gpu_ms=0.081250 name=node_83
FCPE_METAL_PROFILE index=85 op=NORM shape=512,1101,1,1 gpu_ms=0.079250 name=node_85
FCPE_METAL_PROFILE index=86 op=MUL shape=512,1101,1,1 gpu_ms=0.058417 name=node_86
FCPE_METAL_PROFILE index=87 op=ADD shape=512,1101,1,1 gpu_ms=0.058250 name=node_87
FCPE_METAL_PROFILE index=88 op=MUL_MAT shape=2048,1101,1,1 gpu_ms=3.463625 name=node_88
FCPE_METAL_PROFILE index=89 op=ADD shape=2048,1101,1,1 gpu_ms=0.200417 name=node_89
FCPE_METAL_PROFILE index=92 op=SIGMOID shape=1024,1101,1,1 gpu_ms=0.134625 name=node_92
FCPE_METAL_PROFILE index=93 op=MUL shape=1024,1101,1,1 gpu_ms=0.141083 name=node_93
FCPE_METAL_PROFILE index=97 op=CONV_2D_DW shape=1101,1,1024,1 gpu_ms=0.712750 name=node_96
FCPE_METAL_PROFILE index=100 op=ADD shape=1024,1101,1,1 gpu_ms=0.109792 name=node_99
FCPE_METAL_PROFILE index=101 op=SILU shape=1024,1101,1,1 gpu_ms=0.122875 name=node_100
FCPE_METAL_PROFILE index=102 op=MUL_MAT shape=512,1101,1,1 gpu_ms=1.748208 name=node_101
FCPE_METAL_PROFILE index=103 op=ADD shape=512,1101,1,1 gpu_ms=0.058792 name=node_102
FCPE_METAL_PROFILE index=104 op=ADD shape=512,1101,1,1 gpu_ms=0.101625 name=node_103
FCPE_METAL_PROFILE index=105 op=NORM shape=512,1101,1,1 gpu_ms=0.076083 name=node_105
FCPE_METAL_PROFILE index=106 op=MUL shape=512,1101,1,1 gpu_ms=0.410792 name=node_106
FCPE_METAL_PROFILE index=107 op=ADD shape=512,1101,1,1 gpu_ms=0.058833 name=node_107
FCPE_METAL_PROFILE index=108 op=MUL_MAT shape=2048,1101,1,1 gpu_ms=2.234875 name=node_108
FCPE_METAL_PROFILE index=109 op=ADD shape=2048,1101,1,1 gpu_ms=0.203125 name=node_109
FCPE_METAL_PROFILE index=112 op=SIGMOID shape=1024,1101,1,1 gpu_ms=0.108875 name=node_112
FCPE_METAL_PROFILE index=113 op=MUL shape=1024,1101,1,1 gpu_ms=0.192625 name=node_113
FCPE_METAL_PROFILE index=117 op=CONV_2D_DW shape=1101,1,1024,1 gpu_ms=0.617375 name=node_116
FCPE_METAL_PROFILE index=120 op=ADD shape=1024,1101,1,1 gpu_ms=0.098875 name=node_119
FCPE_METAL_PROFILE index=121 op=SILU shape=1024,1101,1,1 gpu_ms=0.065375 name=node_120
FCPE_METAL_PROFILE index=122 op=MUL_MAT shape=512,1101,1,1 gpu_ms=1.538458 name=node_121
FCPE_METAL_PROFILE index=123 op=ADD shape=512,1101,1,1 gpu_ms=0.421375 name=node_122
FCPE_METAL_PROFILE index=124 op=ADD shape=512,1101,1,1 gpu_ms=0.058833 name=node_123
FCPE_METAL_PROFILE index=125 op=NORM shape=512,1101,1,1 gpu_ms=0.044750 name=node_125
FCPE_METAL_PROFILE index=126 op=MUL shape=512,1101,1,1 gpu_ms=0.031583 name=node_126
FCPE_METAL_PROFILE index=127 op=ADD shape=512,1101,1,1 gpu_ms=0.034125 name=node_127
FCPE_METAL_PROFILE index=128 op=MUL_MAT shape=2048,1101,1,1 gpu_ms=1.902375 name=node_128
FCPE_METAL_PROFILE index=129 op=ADD shape=2048,1101,1,1 gpu_ms=0.194208 name=node_129
FCPE_METAL_PROFILE index=132 op=SIGMOID shape=1024,1101,1,1 gpu_ms=0.099125 name=node_132
FCPE_METAL_PROFILE index=133 op=MUL shape=1024,1101,1,1 gpu_ms=0.173375 name=node_133
FCPE_METAL_PROFILE index=136 op=CONV_2D_DW shape=1101,1,1024,1 gpu_ms=0.604792 name=node_136
FCPE_METAL_PROFILE index=139 op=ADD shape=1024,1101,1,1 gpu_ms=0.086500 name=node_139
FCPE_METAL_PROFILE index=140 op=SILU shape=1024,1101,1,1 gpu_ms=0.060375 name=node_140
FCPE_METAL_PROFILE index=141 op=MUL_MAT shape=512,1101,1,1 gpu_ms=0.752917 name=node_141
FCPE_METAL_PROFILE index=142 op=ADD shape=512,1101,1,1 gpu_ms=0.041083 name=node_142
FCPE_METAL_PROFILE index=143 op=ADD shape=512,1101,1,1 gpu_ms=0.059042 name=node_143
FCPE_METAL_PROFILE index=144 op=NORM shape=512,1101,1,1 gpu_ms=0.036375 name=node_144
FCPE_METAL_PROFILE index=145 op=MUL shape=512,1101,1,1 gpu_ms=0.031292 name=node_145
FCPE_METAL_PROFILE index=146 op=ADD shape=512,1101,1,1 gpu_ms=0.032167 name=node_146
FCPE_METAL_PROFILE index=147 op=MUL_MAT shape=360,1101,1,1 gpu_ms=0.286792 name=node_147
FCPE_METAL_PROFILE index=148 op=ADD shape=360,1101,1,1 gpu_ms=0.031625 name=node_148
FCPE_METAL_PROFILE index=149 op=SIGMOID shape=360,1101,1,1 gpu_ms=0.030125 name=probabilities
FCPE_METAL_PROFILE_END
FCPE_METAL_PROFILE_BEGIN nodes=150
FCPE_METAL_PROFILE index=3 op=CONT shape=1101,128,1,1 gpu_ms=0.022417 name=mel_input (transposed) (cont)
FCPE_METAL_PROFILE index=4 op=IM2COL shape=384,1101,1,1 gpu_ms=0.041000 name=node_4
FCPE_METAL_PROFILE index=6 op=MUL_MAT shape=512,1101,1,1 gpu_ms=0.291500 name=node_6
FCPE_METAL_PROFILE index=7 op=ADD shape=512,1101,1,1 gpu_ms=0.049458 name=node_7
FCPE_METAL_PROFILE index=9 op=CONT shape=1101,512,1,1 gpu_ms=0.051208 name= (transposed) (cont)
FCPE_METAL_PROFILE index=11 op=GROUP_NORM shape=1101,1,512,1 gpu_ms=0.107250 name=node_11
FCPE_METAL_PROFILE index=14 op=CONT shape=512,1101,1,1 gpu_ms=0.050125 name= (reshaped) (transposed) (cont)
FCPE_METAL_PROFILE index=15 op=MUL shape=512,1101,1,1 gpu_ms=0.037583 name=node_15
FCPE_METAL_PROFILE index=16 op=ADD shape=512,1101,1,1 gpu_ms=0.039500 name=node_16
FCPE_METAL_PROFILE index=17 op=LEAKY_RELU shape=512,1101,1,1 gpu_ms=0.038375 name=node_17
FCPE_METAL_PROFILE index=19 op=CONT shape=1101,512,1,1 gpu_ms=0.050125 name= (transposed) (cont)
FCPE_METAL_PROFILE index=21 op=IM2COL shape=1536,1101,1,1 gpu_ms=0.114917 name=node_20
FCPE_METAL_PROFILE index=23 op=MUL_MAT shape=512,1101,1,1 gpu_ms=1.135500 name=node_22
FCPE_METAL_PROFILE index=24 op=ADD shape=512,1101,1,1 gpu_ms=0.042417 name=node_23
FCPE_METAL_PROFILE index=25 op=NORM shape=512,1101,1,1 gpu_ms=0.041458 name=node_25
FCPE_METAL_PROFILE index=26 op=MUL shape=512,1101,1,1 gpu_ms=0.038542 name=node_26
FCPE_METAL_PROFILE index=27 op=ADD shape=512,1101,1,1 gpu_ms=0.049125 name=node_27
FCPE_METAL_PROFILE index=28 op=MUL_MAT shape=2048,1101,1,1 gpu_ms=1.285750 name=node_28
FCPE_METAL_PROFILE index=29 op=ADD shape=2048,1101,1,1 gpu_ms=0.231875 name=node_29
FCPE_METAL_PROFILE index=32 op=SIGMOID shape=1024,1101,1,1 gpu_ms=0.115500 name=node_32
FCPE_METAL_PROFILE index=33 op=MUL shape=1024,1101,1,1 gpu_ms=0.166125 name=node_33
FCPE_METAL_PROFILE index=37 op=CONV_2D_DW shape=1101,1,1024,1 gpu_ms=0.414792 name=node_36
FCPE_METAL_PROFILE index=40 op=ADD shape=1024,1101,1,1 gpu_ms=0.110750 name=node_39
FCPE_METAL_PROFILE index=41 op=SILU shape=1024,1101,1,1 gpu_ms=0.085250 name=node_40
FCPE_METAL_PROFILE index=42 op=MUL_MAT shape=512,1101,1,1 gpu_ms=0.583125 name=node_41
FCPE_METAL_PROFILE index=43 op=ADD shape=512,1101,1,1 gpu_ms=0.039583 name=node_42
FCPE_METAL_PROFILE index=44 op=ADD shape=512,1101,1,1 gpu_ms=0.061250 name=node_43
FCPE_METAL_PROFILE index=45 op=NORM shape=512,1101,1,1 gpu_ms=0.038042 name=node_45
FCPE_METAL_PROFILE index=46 op=MUL shape=512,1101,1,1 gpu_ms=0.037375 name=node_46
FCPE_METAL_PROFILE index=47 op=ADD shape=512,1101,1,1 gpu_ms=0.037083 name=node_47
FCPE_METAL_PROFILE index=48 op=MUL_MAT shape=2048,1101,1,1 gpu_ms=1.261917 name=node_48
FCPE_METAL_PROFILE index=49 op=ADD shape=2048,1101,1,1 gpu_ms=0.190375 name=node_49
FCPE_METAL_PROFILE index=52 op=SIGMOID shape=1024,1101,1,1 gpu_ms=0.109500 name=node_52
FCPE_METAL_PROFILE index=53 op=MUL shape=1024,1101,1,1 gpu_ms=0.158000 name=node_53
FCPE_METAL_PROFILE index=57 op=CONV_2D_DW shape=1101,1,1024,1 gpu_ms=1.366000 name=node_56
FCPE_METAL_PROFILE index=60 op=ADD shape=1024,1101,1,1 gpu_ms=0.109125 name=node_59
FCPE_METAL_PROFILE index=61 op=SILU shape=1024,1101,1,1 gpu_ms=0.073083 name=node_60
FCPE_METAL_PROFILE index=62 op=MUL_MAT shape=512,1101,1,1 gpu_ms=0.565375 name=node_61
FCPE_METAL_PROFILE index=63 op=ADD shape=512,1101,1,1 gpu_ms=0.043625 name=node_62
FCPE_METAL_PROFILE index=64 op=ADD shape=512,1101,1,1 gpu_ms=0.062625 name=node_63
FCPE_METAL_PROFILE index=65 op=NORM shape=512,1101,1,1 gpu_ms=0.037958 name=node_65
FCPE_METAL_PROFILE index=66 op=MUL shape=512,1101,1,1 gpu_ms=0.034708 name=node_66
FCPE_METAL_PROFILE index=67 op=ADD shape=512,1101,1,1 gpu_ms=0.033625 name=node_67
FCPE_METAL_PROFILE index=68 op=MUL_MAT shape=2048,1101,1,1 gpu_ms=1.007625 name=node_68
FCPE_METAL_PROFILE index=69 op=ADD shape=2048,1101,1,1 gpu_ms=0.203167 name=node_69
FCPE_METAL_PROFILE index=72 op=SIGMOID shape=1024,1101,1,1 gpu_ms=0.091750 name=node_72
FCPE_METAL_PROFILE index=73 op=MUL shape=1024,1101,1,1 gpu_ms=0.146750 name=node_73
FCPE_METAL_PROFILE index=77 op=CONV_2D_DW shape=1101,1,1024,1 gpu_ms=0.333583 name=node_76
FCPE_METAL_PROFILE index=80 op=ADD shape=1024,1101,1,1 gpu_ms=0.095250 name=node_79
FCPE_METAL_PROFILE index=81 op=SILU shape=1024,1101,1,1 gpu_ms=0.085000 name=node_80
FCPE_METAL_PROFILE index=82 op=MUL_MAT shape=512,1101,1,1 gpu_ms=0.510333 name=node_81
FCPE_METAL_PROFILE index=83 op=ADD shape=512,1101,1,1 gpu_ms=0.030625 name=node_82
FCPE_METAL_PROFILE index=84 op=ADD shape=512,1101,1,1 gpu_ms=0.043125 name=node_83
FCPE_METAL_PROFILE index=85 op=NORM shape=512,1101,1,1 gpu_ms=0.028708 name=node_85
FCPE_METAL_PROFILE index=86 op=MUL shape=512,1101,1,1 gpu_ms=0.028042 name=node_86
FCPE_METAL_PROFILE index=87 op=ADD shape=512,1101,1,1 gpu_ms=0.027875 name=node_87
FCPE_METAL_PROFILE index=88 op=MUL_MAT shape=2048,1101,1,1 gpu_ms=1.063083 name=node_88
FCPE_METAL_PROFILE index=89 op=ADD shape=2048,1101,1,1 gpu_ms=0.188792 name=node_89
FCPE_METAL_PROFILE index=92 op=SIGMOID shape=1024,1101,1,1 gpu_ms=0.082917 name=node_92
FCPE_METAL_PROFILE index=93 op=MUL shape=1024,1101,1,1 gpu_ms=0.142375 name=node_93
FCPE_METAL_PROFILE index=97 op=CONV_2D_DW shape=1101,1,1024,1 gpu_ms=0.333250 name=node_96
FCPE_METAL_PROFILE index=100 op=ADD shape=1024,1101,1,1 gpu_ms=0.081167 name=node_99
FCPE_METAL_PROFILE index=101 op=SILU shape=1024,1101,1,1 gpu_ms=0.053250 name=node_100
FCPE_METAL_PROFILE index=102 op=MUL_MAT shape=512,1101,1,1 gpu_ms=0.509250 name=node_101
FCPE_METAL_PROFILE index=103 op=ADD shape=512,1101,1,1 gpu_ms=0.039458 name=node_102
FCPE_METAL_PROFILE index=104 op=ADD shape=512,1101,1,1 gpu_ms=0.056625 name=node_103
FCPE_METAL_PROFILE index=105 op=NORM shape=512,1101,1,1 gpu_ms=0.025375 name=node_105
FCPE_METAL_PROFILE index=106 op=MUL shape=512,1101,1,1 gpu_ms=0.029958 name=node_106
FCPE_METAL_PROFILE index=107 op=ADD shape=512,1101,1,1 gpu_ms=0.027292 name=node_107
FCPE_METAL_PROFILE index=108 op=MUL_MAT shape=2048,1101,1,1 gpu_ms=1.007542 name=node_108
FCPE_METAL_PROFILE index=109 op=ADD shape=2048,1101,1,1 gpu_ms=0.186750 name=node_109
FCPE_METAL_PROFILE index=112 op=SIGMOID shape=1024,1101,1,1 gpu_ms=0.085333 name=node_112
FCPE_METAL_PROFILE index=113 op=MUL shape=1024,1101,1,1 gpu_ms=0.139375 name=node_113
FCPE_METAL_PROFILE index=117 op=CONV_2D_DW shape=1101,1,1024,1 gpu_ms=0.295625 name=node_116
FCPE_METAL_PROFILE index=120 op=ADD shape=1024,1101,1,1 gpu_ms=0.072458 name=node_119
FCPE_METAL_PROFILE index=121 op=SILU shape=1024,1101,1,1 gpu_ms=0.053583 name=node_120
FCPE_METAL_PROFILE index=122 op=MUL_MAT shape=512,1101,1,1 gpu_ms=0.445667 name=node_121
FCPE_METAL_PROFILE index=123 op=ADD shape=512,1101,1,1 gpu_ms=0.028875 name=node_122
FCPE_METAL_PROFILE index=124 op=ADD shape=512,1101,1,1 gpu_ms=0.043875 name=node_123
FCPE_METAL_PROFILE index=125 op=NORM shape=512,1101,1,1 gpu_ms=0.027875 name=node_125
FCPE_METAL_PROFILE index=126 op=MUL shape=512,1101,1,1 gpu_ms=0.026833 name=node_126
FCPE_METAL_PROFILE index=127 op=ADD shape=512,1101,1,1 gpu_ms=0.023542 name=node_127
FCPE_METAL_PROFILE index=128 op=MUL_MAT shape=2048,1101,1,1 gpu_ms=0.874667 name=node_128
FCPE_METAL_PROFILE index=129 op=ADD shape=2048,1101,1,1 gpu_ms=0.149625 name=node_129
FCPE_METAL_PROFILE index=132 op=SIGMOID shape=1024,1101,1,1 gpu_ms=0.074750 name=node_132
FCPE_METAL_PROFILE index=133 op=MUL shape=1024,1101,1,1 gpu_ms=0.127000 name=node_133
FCPE_METAL_PROFILE index=136 op=CONV_2D_DW shape=1101,1,1024,1 gpu_ms=0.291500 name=node_136
FCPE_METAL_PROFILE index=139 op=ADD shape=1024,1101,1,1 gpu_ms=0.075750 name=node_139
FCPE_METAL_PROFILE index=140 op=SILU shape=1024,1101,1,1 gpu_ms=0.052875 name=node_140
FCPE_METAL_PROFILE index=141 op=MUL_MAT shape=512,1101,1,1 gpu_ms=0.405333 name=node_141
FCPE_METAL_PROFILE index=142 op=ADD shape=512,1101,1,1 gpu_ms=0.028500 name=node_142
FCPE_METAL_PROFILE index=143 op=ADD shape=512,1101,1,1 gpu_ms=0.047375 name=node_143
FCPE_METAL_PROFILE index=144 op=NORM shape=512,1101,1,1 gpu_ms=0.027375 name=node_144
FCPE_METAL_PROFILE index=145 op=MUL shape=512,1101,1,1 gpu_ms=0.022750 name=node_145
FCPE_METAL_PROFILE index=146 op=ADD shape=512,1101,1,1 gpu_ms=0.025250 name=node_146
FCPE_METAL_PROFILE index=147 op=MUL_MAT shape=360,1101,1,1 gpu_ms=0.172375 name=node_147
FCPE_METAL_PROFILE index=148 op=ADD shape=360,1101,1,1 gpu_ms=0.021625 name=node_148
FCPE_METAL_PROFILE index=149 op=SIGMOID shape=360,1101,1,1 gpu_ms=0.017292 name=probabilities
FCPE_METAL_PROFILE_END
FCPE_METAL_PROFILE_BEGIN nodes=150
FCPE_METAL_PROFILE index=3 op=CONT shape=1101,128,1,1 gpu_ms=0.010667 name=mel_input (transposed) (cont)
FCPE_METAL_PROFILE index=4 op=IM2COL shape=384,1101,1,1 gpu_ms=0.019958 name=node_4
FCPE_METAL_PROFILE index=6 op=MUL_MAT shape=512,1101,1,1 gpu_ms=0.172458 name=node_6
FCPE_METAL_PROFILE index=7 op=ADD shape=512,1101,1,1 gpu_ms=0.273792 name=node_7
FCPE_METAL_PROFILE index=9 op=CONT shape=1101,512,1,1 gpu_ms=0.032875 name= (transposed) (cont)
FCPE_METAL_PROFILE index=11 op=GROUP_NORM shape=1101,1,512,1 gpu_ms=0.059792 name=node_11
FCPE_METAL_PROFILE index=14 op=CONT shape=512,1101,1,1 gpu_ms=0.033542 name= (reshaped) (transposed) (cont)
FCPE_METAL_PROFILE index=15 op=MUL shape=512,1101,1,1 gpu_ms=0.025625 name=node_15
FCPE_METAL_PROFILE index=16 op=ADD shape=512,1101,1,1 gpu_ms=0.025000 name=node_16
FCPE_METAL_PROFILE index=17 op=LEAKY_RELU shape=512,1101,1,1 gpu_ms=0.022958 name=node_17
FCPE_METAL_PROFILE index=19 op=CONT shape=1101,512,1,1 gpu_ms=0.031583 name= (transposed) (cont)
FCPE_METAL_PROFILE index=21 op=IM2COL shape=1536,1101,1,1 gpu_ms=0.069542 name=node_20
FCPE_METAL_PROFILE index=23 op=MUL_MAT shape=512,1101,1,1 gpu_ms=0.627250 name=node_22
FCPE_METAL_PROFILE index=24 op=ADD shape=512,1101,1,1 gpu_ms=0.028042 name=node_23
FCPE_METAL_PROFILE index=25 op=NORM shape=512,1101,1,1 gpu_ms=0.022792 name=node_25
FCPE_METAL_PROFILE index=26 op=MUL shape=512,1101,1,1 gpu_ms=0.022208 name=node_26
FCPE_METAL_PROFILE index=27 op=ADD shape=512,1101,1,1 gpu_ms=0.021875 name=node_27
FCPE_METAL_PROFILE index=28 op=MUL_MAT shape=2048,1101,1,1 gpu_ms=0.802458 name=node_28
FCPE_METAL_PROFILE index=29 op=ADD shape=2048,1101,1,1 gpu_ms=0.138792 name=node_29
FCPE_METAL_PROFILE index=32 op=SIGMOID shape=1024,1101,1,1 gpu_ms=0.080750 name=node_32
FCPE_METAL_PROFILE index=33 op=MUL shape=1024,1101,1,1 gpu_ms=0.123500 name=node_33
FCPE_METAL_PROFILE index=37 op=CONV_2D_DW shape=1101,1,1024,1 gpu_ms=0.251625 name=node_36
FCPE_METAL_PROFILE index=40 op=ADD shape=1024,1101,1,1 gpu_ms=0.076000 name=node_39
FCPE_METAL_PROFILE index=41 op=SILU shape=1024,1101,1,1 gpu_ms=0.052875 name=node_40
FCPE_METAL_PROFILE index=42 op=MUL_MAT shape=512,1101,1,1 gpu_ms=0.381000 name=node_41
FCPE_METAL_PROFILE index=43 op=ADD shape=512,1101,1,1 gpu_ms=0.029250 name=node_42
FCPE_METAL_PROFILE index=44 op=ADD shape=512,1101,1,1 gpu_ms=0.045833 name=node_43
FCPE_METAL_PROFILE index=45 op=NORM shape=512,1101,1,1 gpu_ms=0.024375 name=node_45
FCPE_METAL_PROFILE index=46 op=MUL shape=512,1101,1,1 gpu_ms=0.024375 name=node_46
FCPE_METAL_PROFILE index=47 op=ADD shape=512,1101,1,1 gpu_ms=0.024625 name=node_47
FCPE_METAL_PROFILE index=48 op=MUL_MAT shape=2048,1101,1,1 gpu_ms=0.748292 name=node_48
FCPE_METAL_PROFILE index=49 op=ADD shape=2048,1101,1,1 gpu_ms=0.138750 name=node_49
FCPE_METAL_PROFILE index=52 op=SIGMOID shape=1024,1101,1,1 gpu_ms=0.073250 name=node_52
FCPE_METAL_PROFILE index=53 op=MUL shape=1024,1101,1,1 gpu_ms=0.132000 name=node_53
FCPE_METAL_PROFILE index=57 op=CONV_2D_DW shape=1101,1,1024,1 gpu_ms=0.263250 name=node_56
FCPE_METAL_PROFILE index=60 op=ADD shape=1024,1101,1,1 gpu_ms=0.077125 name=node_59
FCPE_METAL_PROFILE index=61 op=SILU shape=1024,1101,1,1 gpu_ms=0.052583 name=node_60
FCPE_METAL_PROFILE index=62 op=MUL_MAT shape=512,1101,1,1 gpu_ms=0.407125 name=node_61
FCPE_METAL_PROFILE index=63 op=ADD shape=512,1101,1,1 gpu_ms=0.031458 name=node_62
FCPE_METAL_PROFILE index=64 op=ADD shape=512,1101,1,1 gpu_ms=0.046958 name=node_63
FCPE_METAL_PROFILE index=65 op=NORM shape=512,1101,1,1 gpu_ms=0.026333 name=node_65
FCPE_METAL_PROFILE index=66 op=MUL shape=512,1101,1,1 gpu_ms=0.024750 name=node_66
FCPE_METAL_PROFILE index=67 op=ADD shape=512,1101,1,1 gpu_ms=0.022833 name=node_67
FCPE_METAL_PROFILE index=68 op=MUL_MAT shape=2048,1101,1,1 gpu_ms=0.749208 name=node_68
FCPE_METAL_PROFILE index=69 op=ADD shape=2048,1101,1,1 gpu_ms=0.144250 name=node_69
FCPE_METAL_PROFILE index=72 op=SIGMOID shape=1024,1101,1,1 gpu_ms=0.081958 name=node_72
FCPE_METAL_PROFILE index=73 op=MUL shape=1024,1101,1,1 gpu_ms=0.127625 name=node_73
FCPE_METAL_PROFILE index=77 op=CONV_2D_DW shape=1101,1,1024,1 gpu_ms=0.246625 name=node_76
FCPE_METAL_PROFILE index=80 op=ADD shape=1024,1101,1,1 gpu_ms=0.074542 name=node_79
FCPE_METAL_PROFILE index=81 op=SILU shape=1024,1101,1,1 gpu_ms=0.052125 name=node_80
FCPE_METAL_PROFILE index=82 op=MUL_MAT shape=512,1101,1,1 gpu_ms=0.380208 name=node_81
FCPE_METAL_PROFILE index=83 op=ADD shape=512,1101,1,1 gpu_ms=0.029250 name=node_82
FCPE_METAL_PROFILE index=84 op=ADD shape=512,1101,1,1 gpu_ms=0.040875 name=node_83
FCPE_METAL_PROFILE index=85 op=NORM shape=512,1101,1,1 gpu_ms=0.026542 name=node_85
FCPE_METAL_PROFILE index=86 op=MUL shape=512,1101,1,1 gpu_ms=0.024542 name=node_86
FCPE_METAL_PROFILE index=87 op=ADD shape=512,1101,1,1 gpu_ms=0.021667 name=node_87
FCPE_METAL_PROFILE index=88 op=MUL_MAT shape=2048,1101,1,1 gpu_ms=0.749125 name=node_88
FCPE_METAL_PROFILE index=89 op=ADD shape=2048,1101,1,1 gpu_ms=0.144042 name=node_89
FCPE_METAL_PROFILE index=92 op=SIGMOID shape=1024,1101,1,1 gpu_ms=0.077000 name=node_92
FCPE_METAL_PROFILE index=93 op=MUL shape=1024,1101,1,1 gpu_ms=0.125167 name=node_93
FCPE_METAL_PROFILE index=97 op=CONV_2D_DW shape=1101,1,1024,1 gpu_ms=0.252083 name=node_96
FCPE_METAL_PROFILE index=100 op=ADD shape=1024,1101,1,1 gpu_ms=0.074292 name=node_99
FCPE_METAL_PROFILE index=101 op=SILU shape=1024,1101,1,1 gpu_ms=0.050250 name=node_100
FCPE_METAL_PROFILE index=102 op=MUL_MAT shape=512,1101,1,1 gpu_ms=0.382792 name=node_101
FCPE_METAL_PROFILE index=103 op=ADD shape=512,1101,1,1 gpu_ms=0.031250 name=node_102
FCPE_METAL_PROFILE index=104 op=ADD shape=512,1101,1,1 gpu_ms=0.043125 name=node_103
FCPE_METAL_PROFILE index=105 op=NORM shape=512,1101,1,1 gpu_ms=0.021125 name=node_105
FCPE_METAL_PROFILE index=106 op=MUL shape=512,1101,1,1 gpu_ms=0.024625 name=node_106
FCPE_METAL_PROFILE index=107 op=ADD shape=512,1101,1,1 gpu_ms=0.023167 name=node_107
FCPE_METAL_PROFILE index=108 op=MUL_MAT shape=2048,1101,1,1 gpu_ms=0.749333 name=node_108
FCPE_METAL_PROFILE index=109 op=ADD shape=2048,1101,1,1 gpu_ms=0.143875 name=node_109
FCPE_METAL_PROFILE index=112 op=SIGMOID shape=1024,1101,1,1 gpu_ms=0.075167 name=node_112
FCPE_METAL_PROFILE index=113 op=MUL shape=1024,1101,1,1 gpu_ms=0.120875 name=node_113
FCPE_METAL_PROFILE index=117 op=CONV_2D_DW shape=1101,1,1024,1 gpu_ms=0.248417 name=node_116
FCPE_METAL_PROFILE index=120 op=ADD shape=1024,1101,1,1 gpu_ms=0.076500 name=node_119
FCPE_METAL_PROFILE index=121 op=SILU shape=1024,1101,1,1 gpu_ms=0.052125 name=node_120
FCPE_METAL_PROFILE index=122 op=MUL_MAT shape=512,1101,1,1 gpu_ms=0.379875 name=node_121
FCPE_METAL_PROFILE index=123 op=ADD shape=512,1101,1,1 gpu_ms=0.029875 name=node_122
FCPE_METAL_PROFILE index=124 op=ADD shape=512,1101,1,1 gpu_ms=0.041583 name=node_123
FCPE_METAL_PROFILE index=125 op=NORM shape=512,1101,1,1 gpu_ms=0.025000 name=node_125
FCPE_METAL_PROFILE index=126 op=MUL shape=512,1101,1,1 gpu_ms=0.021875 name=node_126
FCPE_METAL_PROFILE index=127 op=ADD shape=512,1101,1,1 gpu_ms=0.024625 name=node_127
FCPE_METAL_PROFILE index=128 op=MUL_MAT shape=2048,1101,1,1 gpu_ms=0.744792 name=node_128
FCPE_METAL_PROFILE index=129 op=ADD shape=2048,1101,1,1 gpu_ms=0.152500 name=node_129
FCPE_METAL_PROFILE index=132 op=SIGMOID shape=1024,1101,1,1 gpu_ms=0.083542 name=node_132
FCPE_METAL_PROFILE index=133 op=MUL shape=1024,1101,1,1 gpu_ms=0.130000 name=node_133
FCPE_METAL_PROFILE index=136 op=CONV_2D_DW shape=1101,1,1024,1 gpu_ms=0.246958 name=node_136
FCPE_METAL_PROFILE index=139 op=ADD shape=1024,1101,1,1 gpu_ms=0.082583 name=node_139
FCPE_METAL_PROFILE index=140 op=SILU shape=1024,1101,1,1 gpu_ms=0.049625 name=node_140
FCPE_METAL_PROFILE index=141 op=MUL_MAT shape=512,1101,1,1 gpu_ms=0.376667 name=node_141
FCPE_METAL_PROFILE index=142 op=ADD shape=512,1101,1,1 gpu_ms=0.026375 name=node_142
FCPE_METAL_PROFILE index=143 op=ADD shape=512,1101,1,1 gpu_ms=0.041167 name=node_143
FCPE_METAL_PROFILE index=144 op=NORM shape=512,1101,1,1 gpu_ms=0.021250 name=node_144
FCPE_METAL_PROFILE index=145 op=MUL shape=512,1101,1,1 gpu_ms=0.021750 name=node_145
FCPE_METAL_PROFILE index=146 op=ADD shape=512,1101,1,1 gpu_ms=0.021625 name=node_146
FCPE_METAL_PROFILE index=147 op=MUL_MAT shape=360,1101,1,1 gpu_ms=0.150000 name=node_147
FCPE_METAL_PROFILE index=148 op=ADD shape=360,1101,1,1 gpu_ms=0.020750 name=node_148
FCPE_METAL_PROFILE index=149 op=SIGMOID shape=360,1101,1,1 gpu_ms=0.019458 name=probabilities
FCPE_METAL_PROFILE_END
ggml_metal_free: deallocating
MTL0 mean=40.4843 ms first=85.1501 ms nodes=150 splits=1 CPU=0 GPU=98 compute_MiB=17.7407
